// Jest Snapshot v1, https://goo.gl/fbAQLP

exports[`search should return podcasts matching the search term 1`] = `
Object {
  "nextOffset": null,
  "results": Array [
    Object {
      "feedUrl": "https://rss.art19.com/the-ringer-nba-show",
      "genre": "Sports",
      "iTunesUrl": "https://podcasts.apple.com/us/podcast/the-ringer-nba-show/id1109271715?uo=4",
      "id": 1109271715,
      "publisher": Object {
        "id": 1043703531,
        "name": "The Ringer",
      },
      "thumbnail": Object {
        "w100": "https://is4-ssl.mzstatic.com/image/thumb/Podcasts123/v4/bc/43/db/bc43db44-e2e5-1a86-a438-c3505568b44e/mza_4324624599332981762.jpeg/100x100bb.jpg",
        "w30": "https://is4-ssl.mzstatic.com/image/thumb/Podcasts123/v4/bc/43/db/bc43db44-e2e5-1a86-a438-c3505568b44e/mza_4324624599332981762.jpeg/30x30bb.jpg",
        "w60": "https://is4-ssl.mzstatic.com/image/thumb/Podcasts123/v4/bc/43/db/bc43db44-e2e5-1a86-a438-c3505568b44e/mza_4324624599332981762.jpeg/60x60bb.jpg",
        "w600": "https://is4-ssl.mzstatic.com/image/thumb/Podcasts123/v4/bc/43/db/bc43db44-e2e5-1a86-a438-c3505568b44e/mza_4324624599332981762.jpeg/600x600bb.jpg",
      },
      "title": "The Ringer NBA Show",
    },
    Object {
      "feedUrl": "http://www.espn.com/espnradio/podcast/feeds/itunes/podCast?id=3634017",
      "genre": "Basketball",
      "iTunesUrl": "https://podcasts.apple.com/us/podcast/brian-windhorst-the-hoop-collective/id293376147?uo=4",
      "id": 293376147,
      "publisher": Object {
        "id": 127434126,
        "name": "ESPN, NBA, Brian Windhorst",
      },
      "thumbnail": Object {
        "w100": "https://is2-ssl.mzstatic.com/image/thumb/Podcasts113/v4/24/47/da/2447daee-5183-2495-8572-4dce03b6fe44/mza_3692933701889286795.jpg/100x100bb.jpg",
        "w30": "https://is2-ssl.mzstatic.com/image/thumb/Podcasts113/v4/24/47/da/2447daee-5183-2495-8572-4dce03b6fe44/mza_3692933701889286795.jpg/30x30bb.jpg",
        "w60": "https://is2-ssl.mzstatic.com/image/thumb/Podcasts113/v4/24/47/da/2447daee-5183-2495-8572-4dce03b6fe44/mza_3692933701889286795.jpg/60x60bb.jpg",
        "w600": "https://is2-ssl.mzstatic.com/image/thumb/Podcasts113/v4/24/47/da/2447daee-5183-2495-8572-4dce03b6fe44/mza_3692933701889286795.jpg/600x600bb.jpg",
      },
      "title": "Brian Windhorst & The Hoop Collective",
    },
    Object {
      "feedUrl": "https://www.spreaker.com/show/3109031/episodes/feed",
      "genre": "Sports",
      "iTunesUrl": "https://podcasts.apple.com/us/podcast/duncd-on-basketball-nba-podcast/id986901174?uo=4",
      "id": 986901174,
      "publisher": Object {
        "id": undefined,
        "name": "Nate Duncan",
      },
      "thumbnail": Object {
        "w100": "https://is2-ssl.mzstatic.com/image/thumb/Podcasts113/v4/ae/d9/86/aed9865f-29c4-7f2c-285b-42e25d591ae3/mza_7738826241078251108.jpg/100x100bb.jpg",
        "w30": "https://is2-ssl.mzstatic.com/image/thumb/Podcasts113/v4/ae/d9/86/aed9865f-29c4-7f2c-285b-42e25d591ae3/mza_7738826241078251108.jpg/30x30bb.jpg",
        "w60": "https://is2-ssl.mzstatic.com/image/thumb/Podcasts113/v4/ae/d9/86/aed9865f-29c4-7f2c-285b-42e25d591ae3/mza_7738826241078251108.jpg/60x60bb.jpg",
        "w600": "https://is2-ssl.mzstatic.com/image/thumb/Podcasts113/v4/ae/d9/86/aed9865f-29c4-7f2c-285b-42e25d591ae3/mza_7738826241078251108.jpg/600x600bb.jpg",
      },
      "title": "Dunc'd On Basketball NBA Podcast",
    },
    Object {
      "feedUrl": "http://feeds.feedburner.com/open-floor",
      "genre": "Basketball",
      "iTunesUrl": "https://podcasts.apple.com/us/podcast/open-floor-sis-nba-show/id1050847009?uo=4",
      "id": 1050847009,
      "publisher": Object {
        "id": 380012690,
        "name": "Sports Illustrated",
      },
      "thumbnail": Object {
        "w100": "https://is4-ssl.mzstatic.com/image/thumb/Podcasts113/v4/b9/92/f6/b992f6cc-ecd0-3837-3d77-58aa742adced/mza_1715333521446046959.jpeg/100x100bb.jpg",
        "w30": "https://is4-ssl.mzstatic.com/image/thumb/Podcasts113/v4/b9/92/f6/b992f6cc-ecd0-3837-3d77-58aa742adced/mza_1715333521446046959.jpeg/30x30bb.jpg",
        "w60": "https://is4-ssl.mzstatic.com/image/thumb/Podcasts113/v4/b9/92/f6/b992f6cc-ecd0-3837-3d77-58aa742adced/mza_1715333521446046959.jpeg/60x60bb.jpg",
        "w600": "https://is4-ssl.mzstatic.com/image/thumb/Podcasts113/v4/b9/92/f6/b992f6cc-ecd0-3837-3d77-58aa742adced/mza_1715333521446046959.jpeg/600x600bb.jpg",
      },
      "title": "Open Floor: SI's NBA Show",
    },
    Object {
      "feedUrl": "http://feeds.adknit.com/app-search/nba/nba-hangtime/all/720/200/",
      "genre": "Sports",
      "iTunesUrl": "https://podcasts.apple.com/us/podcast/nba-hang-time/id363783680?uo=4",
      "id": 363783680,
      "publisher": Object {
        "id": 732286727,
        "name": "NBA Digital",
      },
      "thumbnail": Object {
        "w100": "https://is3-ssl.mzstatic.com/image/thumb/Podcasts113/v4/b6/68/f8/b668f80e-7c9c-c9d7-e5c5-bbbfca54fb7e/mza_5318276018441421583.jpg/100x100bb.jpg",
        "w30": "https://is3-ssl.mzstatic.com/image/thumb/Podcasts113/v4/b6/68/f8/b668f80e-7c9c-c9d7-e5c5-bbbfca54fb7e/mza_5318276018441421583.jpg/30x30bb.jpg",
        "w60": "https://is3-ssl.mzstatic.com/image/thumb/Podcasts113/v4/b6/68/f8/b668f80e-7c9c-c9d7-e5c5-bbbfca54fb7e/mza_5318276018441421583.jpg/60x60bb.jpg",
        "w600": "https://is3-ssl.mzstatic.com/image/thumb/Podcasts113/v4/b6/68/f8/b668f80e-7c9c-c9d7-e5c5-bbbfca54fb7e/mza_5318276018441421583.jpg/600x600bb.jpg",
      },
      "title": "NBA Hang Time",
    },
    Object {
      "feedUrl": "http://feeds.feedburner.com/Vertical-Mannix",
      "genre": "Basketball",
      "iTunesUrl": "https://podcasts.apple.com/us/podcast/the-crossover-nba-show-with-chris-mannix/id1078713316?uo=4",
      "id": 1078713316,
      "publisher": Object {
        "id": 380012690,
        "name": "Sports Illustrated",
      },
      "thumbnail": Object {
        "w100": "https://is1-ssl.mzstatic.com/image/thumb/Podcasts113/v4/01/51/ee/0151ee09-0e5a-0720-5a4b-f03e8d8f224d/mza_4617789795853543541.jpeg/100x100bb.jpg",
        "w30": "https://is1-ssl.mzstatic.com/image/thumb/Podcasts113/v4/01/51/ee/0151ee09-0e5a-0720-5a4b-f03e8d8f224d/mza_4617789795853543541.jpeg/30x30bb.jpg",
        "w60": "https://is1-ssl.mzstatic.com/image/thumb/Podcasts113/v4/01/51/ee/0151ee09-0e5a-0720-5a4b-f03e8d8f224d/mza_4617789795853543541.jpeg/60x60bb.jpg",
        "w600": "https://is1-ssl.mzstatic.com/image/thumb/Podcasts113/v4/01/51/ee/0151ee09-0e5a-0720-5a4b-f03e8d8f224d/mza_4617789795853543541.jpeg/600x600bb.jpg",
      },
      "title": "The Crossover NBA Show with Chris Mannix",
    },
    Object {
      "feedUrl": "https://feeds.buzzsprout.com/9335.rss",
      "genre": "Basketball",
      "iTunesUrl": "https://podcasts.apple.com/us/podcast/down-to-dunk-okc-thunder-podcast/id599740073?uo=4",
      "id": 599740073,
      "publisher": Object {
        "id": undefined,
        "name": "NBA Podcast: @DownToDunk",
      },
      "thumbnail": Object {
        "w100": "https://is4-ssl.mzstatic.com/image/thumb/Podcasts123/v4/01/d9/34/01d934a1-2636-c454-d18b-d3cebe1818d6/mza_1124442745371261649.jpg/100x100bb.jpg",
        "w30": "https://is4-ssl.mzstatic.com/image/thumb/Podcasts123/v4/01/d9/34/01d934a1-2636-c454-d18b-d3cebe1818d6/mza_1124442745371261649.jpg/30x30bb.jpg",
        "w60": "https://is4-ssl.mzstatic.com/image/thumb/Podcasts123/v4/01/d9/34/01d934a1-2636-c454-d18b-d3cebe1818d6/mza_1124442745371261649.jpg/60x60bb.jpg",
        "w600": "https://is4-ssl.mzstatic.com/image/thumb/Podcasts123/v4/01/d9/34/01d934a1-2636-c454-d18b-d3cebe1818d6/mza_1124442745371261649.jpg/600x600bb.jpg",
      },
      "title": "Down to Dunk OKC Thunder Podcast",
    },
    Object {
      "feedUrl": "http://feeds.feedburner.com/nba-a-to-z",
      "genre": "Sports",
      "iTunesUrl": "https://podcasts.apple.com/us/podcast/nba-a-to-z-with-sam-amick-and-jeff-zillgitt/id972191863?uo=4",
      "id": 972191863,
      "publisher": Object {
        "id": 965317457,
        "name": "USA TODAY",
      },
      "thumbnail": Object {
        "w100": "https://is1-ssl.mzstatic.com/image/thumb/Podcasts123/v4/a2/9c/a5/a29ca51f-7f88-c415-01c0-6c6f7bccfe36/mza_8871584699336784205.jpeg/100x100bb.jpg",
        "w30": "https://is1-ssl.mzstatic.com/image/thumb/Podcasts123/v4/a2/9c/a5/a29ca51f-7f88-c415-01c0-6c6f7bccfe36/mza_8871584699336784205.jpeg/30x30bb.jpg",
        "w60": "https://is1-ssl.mzstatic.com/image/thumb/Podcasts123/v4/a2/9c/a5/a29ca51f-7f88-c415-01c0-6c6f7bccfe36/mza_8871584699336784205.jpeg/60x60bb.jpg",
        "w600": "https://is1-ssl.mzstatic.com/image/thumb/Podcasts123/v4/a2/9c/a5/a29ca51f-7f88-c415-01c0-6c6f7bccfe36/mza_8871584699336784205.jpeg/600x600bb.jpg",
      },
      "title": "NBA A to Z with Sam Amick and Jeff Zillgitt",
    },
    Object {
      "feedUrl": "http://feeds.megaphone.fm/full-court-press",
      "genre": "Basketball",
      "iTunesUrl": "https://podcasts.apple.com/us/podcast/full-court-press-for-intellectually-curious-nba-fan/id1168071670?uo=4",
      "id": 1168071670,
      "publisher": Object {
        "id": 1451080395,
        "name": "Lineups",
      },
      "thumbnail": Object {
        "w100": "https://is4-ssl.mzstatic.com/image/thumb/Podcasts123/v4/97/79/63/9779639c-cb79-2239-bec9-1c2d6309be70/mza_1978194966711509521.jpg/100x100bb.jpg",
        "w30": "https://is4-ssl.mzstatic.com/image/thumb/Podcasts123/v4/97/79/63/9779639c-cb79-2239-bec9-1c2d6309be70/mza_1978194966711509521.jpg/30x30bb.jpg",
        "w60": "https://is4-ssl.mzstatic.com/image/thumb/Podcasts123/v4/97/79/63/9779639c-cb79-2239-bec9-1c2d6309be70/mza_1978194966711509521.jpg/60x60bb.jpg",
        "w600": "https://is4-ssl.mzstatic.com/image/thumb/Podcasts123/v4/97/79/63/9779639c-cb79-2239-bec9-1c2d6309be70/mza_1978194966711509521.jpg/600x600bb.jpg",
      },
      "title": "Full Court Press | For the Intellectually Curious NBA Fan | National Basketball Association Fans",
    },
    Object {
      "feedUrl": "http://feeds.megaphone.fm/LKN9158322958",
      "genre": "Basketball",
      "iTunesUrl": "https://podcasts.apple.com/us/podcast/locked-on-nba-daily-podcast-on-national-basketball/id1076474471?uo=4",
      "id": 1076474471,
      "publisher": Object {
        "id": 1330218886,
        "name": "Locked On Podcast Network",
      },
      "thumbnail": Object {
        "w100": "https://is4-ssl.mzstatic.com/image/thumb/Podcasts113/v4/5e/2c/70/5e2c7074-1d11-91b1-83d9-6aa2e065481c/mza_3282199232114546251.jpg/100x100bb.jpg",
        "w30": "https://is4-ssl.mzstatic.com/image/thumb/Podcasts113/v4/5e/2c/70/5e2c7074-1d11-91b1-83d9-6aa2e065481c/mza_3282199232114546251.jpg/30x30bb.jpg",
        "w60": "https://is4-ssl.mzstatic.com/image/thumb/Podcasts113/v4/5e/2c/70/5e2c7074-1d11-91b1-83d9-6aa2e065481c/mza_3282199232114546251.jpg/60x60bb.jpg",
        "w600": "https://is4-ssl.mzstatic.com/image/thumb/Podcasts113/v4/5e/2c/70/5e2c7074-1d11-91b1-83d9-6aa2e065481c/mza_3282199232114546251.jpg/600x600bb.jpg",
      },
      "title": "Locked On NBA – Daily Podcast On The National Basketball Association",
    },
    Object {
      "feedUrl": "http://theunderdogsports.com/nbashow.xml",
      "genre": "Sports",
      "iTunesUrl": "https://podcasts.apple.com/us/podcast/the-underdog-sports-nba-show/id1441505332?uo=4",
      "id": 1441505332,
      "publisher": Object {
        "id": undefined,
        "name": "Underdog Sports",
      },
      "thumbnail": Object {
        "w100": "https://is1-ssl.mzstatic.com/image/thumb/Podcasts113/v4/65/7e/ac/657eac28-7d45-032e-d319-cf139ba4f3db/mza_8481881343021744599.png/100x100bb.jpg",
        "w30": "https://is1-ssl.mzstatic.com/image/thumb/Podcasts113/v4/65/7e/ac/657eac28-7d45-032e-d319-cf139ba4f3db/mza_8481881343021744599.png/30x30bb.jpg",
        "w60": "https://is1-ssl.mzstatic.com/image/thumb/Podcasts113/v4/65/7e/ac/657eac28-7d45-032e-d319-cf139ba4f3db/mza_8481881343021744599.png/60x60bb.jpg",
        "w600": "https://is1-ssl.mzstatic.com/image/thumb/Podcasts113/v4/65/7e/ac/657eac28-7d45-032e-d319-cf139ba4f3db/mza_8481881343021744599.png/600x600bb.jpg",
      },
      "title": "The Underdog Sports NBA Show",
    },
    Object {
      "feedUrl": "http://feeds.megaphone.fm/LKN6818056921",
      "genre": "Fantasy Sports",
      "iTunesUrl": "https://podcasts.apple.com/us/podcast/locked-on-fantasy-basketball-daily-nba-fantasy-basketball/id817422023?uo=4",
      "id": 817422023,
      "publisher": Object {
        "id": 1330218886,
        "name": "Locked On Podcast Network",
      },
      "thumbnail": Object {
        "w100": "https://is5-ssl.mzstatic.com/image/thumb/Podcasts123/v4/57/1d/72/571d72a7-c30a-b598-2feb-18c993ca09bd/mza_6157208633514625969.jpg/100x100bb.jpg",
        "w30": "https://is5-ssl.mzstatic.com/image/thumb/Podcasts123/v4/57/1d/72/571d72a7-c30a-b598-2feb-18c993ca09bd/mza_6157208633514625969.jpg/30x30bb.jpg",
        "w60": "https://is5-ssl.mzstatic.com/image/thumb/Podcasts123/v4/57/1d/72/571d72a7-c30a-b598-2feb-18c993ca09bd/mza_6157208633514625969.jpg/60x60bb.jpg",
        "w600": "https://is5-ssl.mzstatic.com/image/thumb/Podcasts123/v4/57/1d/72/571d72a7-c30a-b598-2feb-18c993ca09bd/mza_6157208633514625969.jpg/600x600bb.jpg",
      },
      "title": "Locked On Fantasy Basketball – Daily NBA Fantasy Basketball Podcast",
    },
    Object {
      "feedUrl": "http://sixersbeat.libsyn.com/rss",
      "genre": "Basketball",
      "iTunesUrl": "https://podcasts.apple.com/us/podcast/sixers-beat-a-philadelphia-76ers-nba-podcast/id679651984?uo=4",
      "id": 679651984,
      "publisher": Object {
        "id": 1261457277,
        "name": "Derek Bodner",
      },
      "thumbnail": Object {
        "w100": "https://is1-ssl.mzstatic.com/image/thumb/Podcasts111/v4/b3/4e/3c/b34e3ca9-f027-15ed-e50f-dda28726fc51/mza_5026075329433840468.jpg/100x100bb.jpg",
        "w30": "https://is1-ssl.mzstatic.com/image/thumb/Podcasts111/v4/b3/4e/3c/b34e3ca9-f027-15ed-e50f-dda28726fc51/mza_5026075329433840468.jpg/30x30bb.jpg",
        "w60": "https://is1-ssl.mzstatic.com/image/thumb/Podcasts111/v4/b3/4e/3c/b34e3ca9-f027-15ed-e50f-dda28726fc51/mza_5026075329433840468.jpg/60x60bb.jpg",
        "w600": "https://is1-ssl.mzstatic.com/image/thumb/Podcasts111/v4/b3/4e/3c/b34e3ca9-f027-15ed-e50f-dda28726fc51/mza_5026075329433840468.jpg/600x600bb.jpg",
      },
      "title": "Sixers Beat: a Philadelphia 76ers, NBA Podcast",
    },
    Object {
      "feedUrl": "http://feeds.megaphone.fm/drive-and-dish",
      "genre": "Basketball",
      "iTunesUrl": "https://podcasts.apple.com/us/podcast/drive-and-dish-nba-podcast/id839644057?uo=4",
      "id": 839644057,
      "publisher": Object {
        "id": 1451080395,
        "name": "Lineups",
      },
      "thumbnail": Object {
        "w100": "https://is2-ssl.mzstatic.com/image/thumb/Podcasts113/v4/46/ff/99/46ff9924-27d0-0018-2d30-31af86fff74f/mza_38366454078846864.jpg/100x100bb.jpg",
        "w30": "https://is2-ssl.mzstatic.com/image/thumb/Podcasts113/v4/46/ff/99/46ff9924-27d0-0018-2d30-31af86fff74f/mza_38366454078846864.jpg/30x30bb.jpg",
        "w60": "https://is2-ssl.mzstatic.com/image/thumb/Podcasts113/v4/46/ff/99/46ff9924-27d0-0018-2d30-31af86fff74f/mza_38366454078846864.jpg/60x60bb.jpg",
        "w600": "https://is2-ssl.mzstatic.com/image/thumb/Podcasts113/v4/46/ff/99/46ff9924-27d0-0018-2d30-31af86fff74f/mza_38366454078846864.jpg/600x600bb.jpg",
      },
      "title": "Drive and Dish NBA Podcast",
    },
    Object {
      "feedUrl": "http://feeds.megaphone.fm/PPY1286883904",
      "genre": "Sports",
      "iTunesUrl": "https://podcasts.apple.com/us/podcast/road-trippin-nba/id1307257625?uo=4",
      "id": 1307257625,
      "publisher": Object {
        "id": 1225324748,
        "name": "UNINTERRUPTED",
      },
      "thumbnail": Object {
        "w100": "https://is1-ssl.mzstatic.com/image/thumb/Podcasts123/v4/19/c0/0c/19c00c73-3b3c-02bc-5458-f80f9f9a526e/mza_7239207721089693207.jpg/100x100bb.jpg",
        "w30": "https://is1-ssl.mzstatic.com/image/thumb/Podcasts123/v4/19/c0/0c/19c00c73-3b3c-02bc-5458-f80f9f9a526e/mza_7239207721089693207.jpg/30x30bb.jpg",
        "w60": "https://is1-ssl.mzstatic.com/image/thumb/Podcasts123/v4/19/c0/0c/19c00c73-3b3c-02bc-5458-f80f9f9a526e/mza_7239207721089693207.jpg/60x60bb.jpg",
        "w600": "https://is1-ssl.mzstatic.com/image/thumb/Podcasts123/v4/19/c0/0c/19c00c73-3b3c-02bc-5458-f80f9f9a526e/mza_7239207721089693207.jpg/600x600bb.jpg",
      },
      "title": "Road Trippin': NBA",
    },
    Object {
      "feedUrl": "http://shoutengine.com/UnquestionablyRawNBAPodcast.xml",
      "genre": "Sports",
      "iTunesUrl": "https://podcasts.apple.com/us/podcast/unquestionably-raw-nba-podcast/id1145879585?uo=4",
      "id": 1145879585,
      "publisher": Object {
        "id": undefined,
        "name": "Unquestionably Raw NBA Podcast",
      },
      "thumbnail": Object {
        "w100": "https://is2-ssl.mzstatic.com/image/thumb/Podcasts123/v4/7a/1c/d3/7a1cd3e9-a9bf-8d55-0da2-eb45b1aabffb/mza_3548604360391677907.jpg/100x100bb.jpg",
        "w30": "https://is2-ssl.mzstatic.com/image/thumb/Podcasts123/v4/7a/1c/d3/7a1cd3e9-a9bf-8d55-0da2-eb45b1aabffb/mza_3548604360391677907.jpg/30x30bb.jpg",
        "w60": "https://is2-ssl.mzstatic.com/image/thumb/Podcasts123/v4/7a/1c/d3/7a1cd3e9-a9bf-8d55-0da2-eb45b1aabffb/mza_3548604360391677907.jpg/60x60bb.jpg",
        "w600": "https://is2-ssl.mzstatic.com/image/thumb/Podcasts123/v4/7a/1c/d3/7a1cd3e9-a9bf-8d55-0da2-eb45b1aabffb/mza_3548604360391677907.jpg/600x600bb.jpg",
      },
      "title": "Unquestionably Raw NBA Podcast",
    },
    Object {
      "feedUrl": "https://audioboom.com/channels/4959593.rss",
      "genre": "Sports",
      "iTunesUrl": "https://podcasts.apple.com/us/podcast/off-top-nba-podcast/id1336653389?uo=4",
      "id": 1336653389,
      "publisher": Object {
        "id": 1206127405,
        "name": "Legend of Winning & Agent 00",
      },
      "thumbnail": Object {
        "w100": "https://is2-ssl.mzstatic.com/image/thumb/Podcasts113/v4/20/55/8d/20558d63-f768-941d-9265-d7ca1131a466/mza_3687611050385231328.jpg/100x100bb.jpg",
        "w30": "https://is2-ssl.mzstatic.com/image/thumb/Podcasts113/v4/20/55/8d/20558d63-f768-941d-9265-d7ca1131a466/mza_3687611050385231328.jpg/30x30bb.jpg",
        "w60": "https://is2-ssl.mzstatic.com/image/thumb/Podcasts113/v4/20/55/8d/20558d63-f768-941d-9265-d7ca1131a466/mza_3687611050385231328.jpg/60x60bb.jpg",
        "w600": "https://is2-ssl.mzstatic.com/image/thumb/Podcasts113/v4/20/55/8d/20558d63-f768-941d-9265-d7ca1131a466/mza_3687611050385231328.jpg/600x600bb.jpg",
      },
      "title": "Off Top NBA Podcast",
    },
    Object {
      "feedUrl": "https://FiveReasons.podbean.com/feed.xml",
      "genre": "Sports",
      "iTunesUrl": "https://podcasts.apple.com/us/podcast/five-on-the-floor-miami-heat-nba/id1336060206?uo=4",
      "id": 1336060206,
      "publisher": Object {
        "id": 1434852575,
        "name": "Five Reasons Sports Network",
      },
      "thumbnail": Object {
        "w100": "https://is3-ssl.mzstatic.com/image/thumb/Podcasts113/v4/75/64/ef/7564ef47-bd6d-2ec8-a0b0-9e4c679a32c8/mza_2018381994541603159.jpg/100x100bb.jpg",
        "w30": "https://is3-ssl.mzstatic.com/image/thumb/Podcasts113/v4/75/64/ef/7564ef47-bd6d-2ec8-a0b0-9e4c679a32c8/mza_2018381994541603159.jpg/30x30bb.jpg",
        "w60": "https://is3-ssl.mzstatic.com/image/thumb/Podcasts113/v4/75/64/ef/7564ef47-bd6d-2ec8-a0b0-9e4c679a32c8/mza_2018381994541603159.jpg/60x60bb.jpg",
        "w600": "https://is3-ssl.mzstatic.com/image/thumb/Podcasts113/v4/75/64/ef/7564ef47-bd6d-2ec8-a0b0-9e4c679a32c8/mza_2018381994541603159.jpg/600x600bb.jpg",
      },
      "title": "Five On The Floor: Miami Heat/NBA",
    },
    Object {
      "feedUrl": "http://feeds.soundcloud.com/users/soundcloud:users:338411240/sounds.rss",
      "genre": "Sports",
      "iTunesUrl": "https://podcasts.apple.com/us/podcast/white-chocolate-nba-pipecast/id1297805146?uo=4",
      "id": 1297805146,
      "publisher": Object {
        "id": undefined,
        "name": "White Chocolate",
      },
      "thumbnail": Object {
        "w100": "https://is3-ssl.mzstatic.com/image/thumb/Podcasts113/v4/18/36/03/1836036d-694e-76a1-2d37-7385eebd287c/mza_5334784724922615297.jpg/100x100bb.jpg",
        "w30": "https://is3-ssl.mzstatic.com/image/thumb/Podcasts113/v4/18/36/03/1836036d-694e-76a1-2d37-7385eebd287c/mza_5334784724922615297.jpg/30x30bb.jpg",
        "w60": "https://is3-ssl.mzstatic.com/image/thumb/Podcasts113/v4/18/36/03/1836036d-694e-76a1-2d37-7385eebd287c/mza_5334784724922615297.jpg/60x60bb.jpg",
        "w600": "https://is3-ssl.mzstatic.com/image/thumb/Podcasts113/v4/18/36/03/1836036d-694e-76a1-2d37-7385eebd287c/mza_5334784724922615297.jpg/600x600bb.jpg",
      },
      "title": "White Chocolate NBA Pipecast",
    },
    Object {
      "feedUrl": "https://www.spreaker.com/show/3369404/episodes/feed",
      "genre": "Sports",
      "iTunesUrl": "https://podcasts.apple.com/us/podcast/over-and-back-stories-about-nba-history/id1027430078?uo=4",
      "id": 1027430078,
      "publisher": Object {
        "id": undefined,
        "name": "Over and Back NBA Podcast",
      },
      "thumbnail": Object {
        "w100": "https://is2-ssl.mzstatic.com/image/thumb/Podcasts113/v4/08/06/b6/0806b61a-8e73-4076-4091-156a2b7ec952/mza_2006629270046480341.jpg/100x100bb.jpg",
        "w30": "https://is2-ssl.mzstatic.com/image/thumb/Podcasts113/v4/08/06/b6/0806b61a-8e73-4076-4091-156a2b7ec952/mza_2006629270046480341.jpg/30x30bb.jpg",
        "w60": "https://is2-ssl.mzstatic.com/image/thumb/Podcasts113/v4/08/06/b6/0806b61a-8e73-4076-4091-156a2b7ec952/mza_2006629270046480341.jpg/60x60bb.jpg",
        "w600": "https://is2-ssl.mzstatic.com/image/thumb/Podcasts113/v4/08/06/b6/0806b61a-8e73-4076-4091-156a2b7ec952/mza_2006629270046480341.jpg/600x600bb.jpg",
      },
      "title": "Over and Back: Stories About NBA History",
    },
    Object {
      "feedUrl": "http://feeds.megaphone.fm/whats-on-draft",
      "genre": "Basketball",
      "iTunesUrl": "https://podcasts.apple.com/us/podcast/the-stepien-nba-draft-podcast/id1185892602?uo=4",
      "id": 1185892602,
      "publisher": Object {
        "id": 1451080395,
        "name": "Lineups",
      },
      "thumbnail": Object {
        "w100": "https://is5-ssl.mzstatic.com/image/thumb/Podcasts123/v4/d5/2a/8f/d52a8f9d-80ce-1507-9ecf-ccc9cfab946e/mza_3635730043858217171.jpg/100x100bb.jpg",
        "w30": "https://is5-ssl.mzstatic.com/image/thumb/Podcasts123/v4/d5/2a/8f/d52a8f9d-80ce-1507-9ecf-ccc9cfab946e/mza_3635730043858217171.jpg/30x30bb.jpg",
        "w60": "https://is5-ssl.mzstatic.com/image/thumb/Podcasts123/v4/d5/2a/8f/d52a8f9d-80ce-1507-9ecf-ccc9cfab946e/mza_3635730043858217171.jpg/60x60bb.jpg",
        "w600": "https://is5-ssl.mzstatic.com/image/thumb/Podcasts123/v4/d5/2a/8f/d52a8f9d-80ce-1507-9ecf-ccc9cfab946e/mza_3635730043858217171.jpg/600x600bb.jpg",
      },
      "title": "The Stepien NBA Draft Podcast",
    },
    Object {
      "feedUrl": "http://bucherandfriends.libsyn.com/rss",
      "genre": "Basketball",
      "iTunesUrl": "https://podcasts.apple.com/us/podcast/bucher-and-friends/id1435996305?uo=4",
      "id": 1435996305,
      "publisher": Object {
        "id": undefined,
        "name": "Ric Bucher, NBA insider; Ryan Hollins, ESPN; Will Blackmon, NFL Network",
      },
      "thumbnail": Object {
        "w100": "https://is4-ssl.mzstatic.com/image/thumb/Podcasts113/v4/de/fd/c2/defdc28b-8c1d-9534-f3e3-2c98201dc54b/mza_6343047549946883875.png/100x100bb.jpg",
        "w30": "https://is4-ssl.mzstatic.com/image/thumb/Podcasts113/v4/de/fd/c2/defdc28b-8c1d-9534-f3e3-2c98201dc54b/mza_6343047549946883875.png/30x30bb.jpg",
        "w60": "https://is4-ssl.mzstatic.com/image/thumb/Podcasts113/v4/de/fd/c2/defdc28b-8c1d-9534-f3e3-2c98201dc54b/mza_6343047549946883875.png/60x60bb.jpg",
        "w600": "https://is4-ssl.mzstatic.com/image/thumb/Podcasts113/v4/de/fd/c2/defdc28b-8c1d-9534-f3e3-2c98201dc54b/mza_6343047549946883875.png/600x600bb.jpg",
      },
      "title": "Bucher and Friends",
    },
    Object {
      "feedUrl": "https://www.spreaker.com/show/3211931/episodes/feed",
      "genre": "Sports",
      "iTunesUrl": "https://podcasts.apple.com/us/podcast/fastbreak-breakfast-nba-podcast/id939020106?uo=4",
      "id": 939020106,
      "publisher": Object {
        "id": undefined,
        "name": "Fastbreak Breakfast",
      },
      "thumbnail": Object {
        "w100": "https://is5-ssl.mzstatic.com/image/thumb/Podcasts113/v4/79/6d/1d/796d1d43-409f-7a5d-2f5d-cc1160d4d3fe/mza_146613910794571735.jpg/100x100bb.jpg",
        "w30": "https://is5-ssl.mzstatic.com/image/thumb/Podcasts113/v4/79/6d/1d/796d1d43-409f-7a5d-2f5d-cc1160d4d3fe/mza_146613910794571735.jpg/30x30bb.jpg",
        "w60": "https://is5-ssl.mzstatic.com/image/thumb/Podcasts113/v4/79/6d/1d/796d1d43-409f-7a5d-2f5d-cc1160d4d3fe/mza_146613910794571735.jpg/60x60bb.jpg",
        "w600": "https://is5-ssl.mzstatic.com/image/thumb/Podcasts113/v4/79/6d/1d/796d1d43-409f-7a5d-2f5d-cc1160d4d3fe/mza_146613910794571735.jpg/600x600bb.jpg",
      },
      "title": "Fastbreak Breakfast NBA Podcast",
    },
    Object {
      "feedUrl": "https://api.podcache.net/shows/28f27da1-37d1-4067-ae92-77ceec576ee5/feed",
      "genre": "Basketball",
      "iTunesUrl": "https://podcasts.apple.com/us/podcast/fantasy-nba-today-fantasy-basketball/id1171916912?uo=4",
      "id": 1171916912,
      "publisher": Object {
        "id": undefined,
        "name": "Hoop-Ball.com",
      },
      "thumbnail": Object {
        "w100": "https://is5-ssl.mzstatic.com/image/thumb/Podcasts123/v4/56/b9/71/56b971d6-699d-2532-b2a1-116a0734ef5c/mza_1100036243531791309.jpg/100x100bb.jpg",
        "w30": "https://is5-ssl.mzstatic.com/image/thumb/Podcasts123/v4/56/b9/71/56b971d6-699d-2532-b2a1-116a0734ef5c/mza_1100036243531791309.jpg/30x30bb.jpg",
        "w60": "https://is5-ssl.mzstatic.com/image/thumb/Podcasts123/v4/56/b9/71/56b971d6-699d-2532-b2a1-116a0734ef5c/mza_1100036243531791309.jpg/60x60bb.jpg",
        "w600": "https://is5-ssl.mzstatic.com/image/thumb/Podcasts123/v4/56/b9/71/56b971d6-699d-2532-b2a1-116a0734ef5c/mza_1100036243531791309.jpg/600x600bb.jpg",
      },
      "title": "Fantasy NBA Today Fantasy Basketball",
    },
    Object {
      "feedUrl": "https://www.spreaker.com/show/3240433/episodes/feed",
      "genre": "Basketball",
      "iTunesUrl": "https://podcasts.apple.com/us/podcast/the-nba-podcast/id1102094287?uo=4",
      "id": 1102094287,
      "publisher": Object {
        "id": undefined,
        "name": "Bryan Toporek and Morten Jensen",
      },
      "thumbnail": Object {
        "w100": "https://is5-ssl.mzstatic.com/image/thumb/Podcasts113/v4/15/c7/6b/15c76bd0-69e9-4016-daad-1fa026dc6897/mza_2181797844986576875.png/100x100bb.jpg",
        "w30": "https://is5-ssl.mzstatic.com/image/thumb/Podcasts113/v4/15/c7/6b/15c76bd0-69e9-4016-daad-1fa026dc6897/mza_2181797844986576875.png/30x30bb.jpg",
        "w60": "https://is5-ssl.mzstatic.com/image/thumb/Podcasts113/v4/15/c7/6b/15c76bd0-69e9-4016-daad-1fa026dc6897/mza_2181797844986576875.png/60x60bb.jpg",
        "w600": "https://is5-ssl.mzstatic.com/image/thumb/Podcasts113/v4/15/c7/6b/15c76bd0-69e9-4016-daad-1fa026dc6897/mza_2181797844986576875.png/600x600bb.jpg",
      },
      "title": "The NBA Podcast",
    },
    Object {
      "feedUrl": "https://audioboom.com/channels/4962017.rss",
      "genre": "Sports",
      "iTunesUrl": "https://podcasts.apple.com/us/podcast/the-dish-nba-podcast/id1327862557?uo=4",
      "id": 1327862557,
      "publisher": Object {
        "id": 1206127405,
        "name": "The Dish NBA Podcast",
      },
      "thumbnail": Object {
        "w100": "https://is4-ssl.mzstatic.com/image/thumb/Podcasts113/v4/e4/61/39/e4613967-483a-a3b4-68fd-2ed780438374/mza_6633487990287147691.jpg/100x100bb.jpg",
        "w30": "https://is4-ssl.mzstatic.com/image/thumb/Podcasts113/v4/e4/61/39/e4613967-483a-a3b4-68fd-2ed780438374/mza_6633487990287147691.jpg/30x30bb.jpg",
        "w60": "https://is4-ssl.mzstatic.com/image/thumb/Podcasts113/v4/e4/61/39/e4613967-483a-a3b4-68fd-2ed780438374/mza_6633487990287147691.jpg/60x60bb.jpg",
        "w600": "https://is4-ssl.mzstatic.com/image/thumb/Podcasts113/v4/e4/61/39/e4613967-483a-a3b4-68fd-2ed780438374/mza_6633487990287147691.jpg/600x600bb.jpg",
      },
      "title": "The Dish NBA Podcast",
    },
    Object {
      "feedUrl": "http://countthedings.libsyn.com/rss",
      "genre": "Sports",
      "iTunesUrl": "https://podcasts.apple.com/us/podcast/the-nba-daily-ding/id1360918836?uo=4",
      "id": 1360918836,
      "publisher": Object {
        "id": undefined,
        "name": "Count The Dings",
      },
      "thumbnail": Object {
        "w100": "https://is4-ssl.mzstatic.com/image/thumb/Podcasts123/v4/b8/8c/ea/b88ceaa7-dc36-a1d8-612f-85f906fb4f19/mza_8886856812434485538.jpg/100x100bb.jpg",
        "w30": "https://is4-ssl.mzstatic.com/image/thumb/Podcasts123/v4/b8/8c/ea/b88ceaa7-dc36-a1d8-612f-85f906fb4f19/mza_8886856812434485538.jpg/30x30bb.jpg",
        "w60": "https://is4-ssl.mzstatic.com/image/thumb/Podcasts123/v4/b8/8c/ea/b88ceaa7-dc36-a1d8-612f-85f906fb4f19/mza_8886856812434485538.jpg/60x60bb.jpg",
        "w600": "https://is4-ssl.mzstatic.com/image/thumb/Podcasts123/v4/b8/8c/ea/b88ceaa7-dc36-a1d8-612f-85f906fb4f19/mza_8886856812434485538.jpg/600x600bb.jpg",
      },
      "title": "The NBA Daily Ding",
    },
    Object {
      "feedUrl": "http://octaneathleticperformance.libsyn.com/rss",
      "genre": "Health & Fitness",
      "iTunesUrl": "https://podcasts.apple.com/us/podcast/octane-athletic-performance-with-jason-benavides/id890164468?uo=4",
      "id": 890164468,
      "publisher": Object {
        "id": undefined,
        "name": "Jason Benavides: Interviews w/World Record Holders, NBA Champion and Olympic Gold Medal Coaches! We cover Speed, Strength, Nutrition, and Sport Psychology!",
      },
      "thumbnail": Object {
        "w100": "https://is4-ssl.mzstatic.com/image/thumb/Podcasts113/v4/fe/c2/0c/fec20ceb-72f2-319b-e99a-7aa93c49e02e/mza_1131731294650356467.jpg/100x100bb.jpg",
        "w30": "https://is4-ssl.mzstatic.com/image/thumb/Podcasts113/v4/fe/c2/0c/fec20ceb-72f2-319b-e99a-7aa93c49e02e/mza_1131731294650356467.jpg/30x30bb.jpg",
        "w60": "https://is4-ssl.mzstatic.com/image/thumb/Podcasts113/v4/fe/c2/0c/fec20ceb-72f2-319b-e99a-7aa93c49e02e/mza_1131731294650356467.jpg/60x60bb.jpg",
        "w600": "https://is4-ssl.mzstatic.com/image/thumb/Podcasts113/v4/fe/c2/0c/fec20ceb-72f2-319b-e99a-7aa93c49e02e/mza_1131731294650356467.jpg/600x600bb.jpg",
      },
      "title": "Octane Athletic Performance with Jason Benavides",
    },
    Object {
      "feedUrl": "http://feeds.megaphone.fm/PPY3365419530",
      "genre": "Basketball",
      "iTunesUrl": "https://podcasts.apple.com/us/podcast/locked-on-podcast-nba-channel/id1151455371?uo=4",
      "id": 1151455371,
      "publisher": Object {
        "id": undefined,
        "name": "Locked On Podcast Network",
      },
      "thumbnail": Object {
        "w100": "https://is2-ssl.mzstatic.com/image/thumb/Podcasts113/v4/7a/f5/ac/7af5ace5-d67c-1758-d168-b1208e8c0adf/mza_6799766140538532412.jpg/100x100bb.jpg",
        "w30": "https://is2-ssl.mzstatic.com/image/thumb/Podcasts113/v4/7a/f5/ac/7af5ace5-d67c-1758-d168-b1208e8c0adf/mza_6799766140538532412.jpg/30x30bb.jpg",
        "w60": "https://is2-ssl.mzstatic.com/image/thumb/Podcasts113/v4/7a/f5/ac/7af5ace5-d67c-1758-d168-b1208e8c0adf/mza_6799766140538532412.jpg/60x60bb.jpg",
        "w600": "https://is2-ssl.mzstatic.com/image/thumb/Podcasts113/v4/7a/f5/ac/7af5ace5-d67c-1758-d168-b1208e8c0adf/mza_6799766140538532412.jpg/600x600bb.jpg",
      },
      "title": "Locked On Podcast - NBA Channel",
    },
    Object {
      "feedUrl": "http://inallairness.libsyn.com/rss",
      "genre": "Basketball",
      "iTunesUrl": "https://podcasts.apple.com/us/podcast/nba-history-michael-jordan-era-more-in-all-airness/id568743612?uo=4",
      "id": 568743612,
      "publisher": Object {
        "id": undefined,
        "name": "Adam Ryan | Classic basketball interviews",
      },
      "thumbnail": Object {
        "w100": "https://is4-ssl.mzstatic.com/image/thumb/Podcasts123/v4/d5/2a/02/d52a025d-6aa0-e01c-5991-c015a5efa27f/mza_4134439533009151673.jpg/100x100bb.jpg",
        "w30": "https://is4-ssl.mzstatic.com/image/thumb/Podcasts123/v4/d5/2a/02/d52a025d-6aa0-e01c-5991-c015a5efa27f/mza_4134439533009151673.jpg/30x30bb.jpg",
        "w60": "https://is4-ssl.mzstatic.com/image/thumb/Podcasts123/v4/d5/2a/02/d52a025d-6aa0-e01c-5991-c015a5efa27f/mza_4134439533009151673.jpg/60x60bb.jpg",
        "w600": "https://is4-ssl.mzstatic.com/image/thumb/Podcasts123/v4/d5/2a/02/d52a025d-6aa0-e01c-5991-c015a5efa27f/mza_4134439533009151673.jpg/600x600bb.jpg",
      },
      "title": "NBA History: Michael Jordan-era & more (In all Airness)",
    },
    Object {
      "feedUrl": "http://feeds.megaphone.fm/nba-plus-stuff",
      "genre": "Basketball",
      "iTunesUrl": "https://podcasts.apple.com/us/podcast/nba-plus-stuff-hosted-by-funkydiabetic/id1314240813?uo=4",
      "id": 1314240813,
      "publisher": Object {
        "id": 1451080395,
        "name": "Lineups",
      },
      "thumbnail": Object {
        "w100": "https://is3-ssl.mzstatic.com/image/thumb/Podcasts123/v4/4f/55/40/4f5540d0-40ce-1405-6a52-2b792dfd4128/mza_2388657998646970931.jpg/100x100bb.jpg",
        "w30": "https://is3-ssl.mzstatic.com/image/thumb/Podcasts123/v4/4f/55/40/4f5540d0-40ce-1405-6a52-2b792dfd4128/mza_2388657998646970931.jpg/30x30bb.jpg",
        "w60": "https://is3-ssl.mzstatic.com/image/thumb/Podcasts123/v4/4f/55/40/4f5540d0-40ce-1405-6a52-2b792dfd4128/mza_2388657998646970931.jpg/60x60bb.jpg",
        "w600": "https://is3-ssl.mzstatic.com/image/thumb/Podcasts123/v4/4f/55/40/4f5540d0-40ce-1405-6a52-2b792dfd4128/mza_2388657998646970931.jpg/600x600bb.jpg",
      },
      "title": "NBA plus Stuff - hosted by FunkyDiabetic",
    },
    Object {
      "feedUrl": "https://feeds.megaphone.fm/otdfsrnba",
      "genre": "Fantasy Sports",
      "iTunesUrl": "https://podcasts.apple.com/us/podcast/dfsrs-daily-nba-podcast/id1172909096?uo=4",
      "id": 1172909096,
      "publisher": Object {
        "id": undefined,
        "name": "Overtime Media",
      },
      "thumbnail": Object {
        "w100": "https://is3-ssl.mzstatic.com/image/thumb/Podcasts123/v4/ba/e8/d6/bae8d656-3179-5862-1a1c-8b075da11f3e/mza_1115034181485436004.jpg/100x100bb.jpg",
        "w30": "https://is3-ssl.mzstatic.com/image/thumb/Podcasts123/v4/ba/e8/d6/bae8d656-3179-5862-1a1c-8b075da11f3e/mza_1115034181485436004.jpg/30x30bb.jpg",
        "w60": "https://is3-ssl.mzstatic.com/image/thumb/Podcasts123/v4/ba/e8/d6/bae8d656-3179-5862-1a1c-8b075da11f3e/mza_1115034181485436004.jpg/60x60bb.jpg",
        "w600": "https://is3-ssl.mzstatic.com/image/thumb/Podcasts123/v4/ba/e8/d6/bae8d656-3179-5862-1a1c-8b075da11f3e/mza_1115034181485436004.jpg/600x600bb.jpg",
      },
      "title": "DFSR's Daily NBA Podcast",
    },
    Object {
      "feedUrl": "https://nbafo.libsyn.com/rss",
      "genre": "Basketball",
      "iTunesUrl": "https://podcasts.apple.com/us/podcast/nba-front-office-w-keith-smith-trevor-lane/id1203122183?uo=4",
      "id": 1203122183,
      "publisher": Object {
        "id": 1206127405,
        "name": "CLNS Media Network",
      },
      "thumbnail": Object {
        "w100": "https://is1-ssl.mzstatic.com/image/thumb/Podcasts123/v4/d0/68/ad/d068adb3-66da-6c19-3455-32afab77ef3a/mza_8555413834912285490.png/100x100bb.jpg",
        "w30": "https://is1-ssl.mzstatic.com/image/thumb/Podcasts123/v4/d0/68/ad/d068adb3-66da-6c19-3455-32afab77ef3a/mza_8555413834912285490.png/30x30bb.jpg",
        "w60": "https://is1-ssl.mzstatic.com/image/thumb/Podcasts123/v4/d0/68/ad/d068adb3-66da-6c19-3455-32afab77ef3a/mza_8555413834912285490.png/60x60bb.jpg",
        "w600": "https://is1-ssl.mzstatic.com/image/thumb/Podcasts123/v4/d0/68/ad/d068adb3-66da-6c19-3455-32afab77ef3a/mza_8555413834912285490.png/600x600bb.jpg",
      },
      "title": "NBA Front Office w/ Keith Smith & Trevor Lane",
    },
    Object {
      "feedUrl": "http://thesportsfans.hipcast.com/rss/thecrossover.xml",
      "genre": "Sports",
      "iTunesUrl": "https://podcasts.apple.com/us/podcast/tss-the-nba-crossover-knicks-and-nets/id268817312?uo=4",
      "id": 268817312,
      "publisher": Object {
        "id": undefined,
        "name": "Rusty and Pmac",
      },
      "thumbnail": Object {
        "w100": "https://is4-ssl.mzstatic.com/image/thumb/Podcasts123/v4/33/43/5d/33435d5c-ec89-ea73-078f-608baa250a1f/mza_8500404185922479918.jpg/100x100bb.jpg",
        "w30": "https://is4-ssl.mzstatic.com/image/thumb/Podcasts123/v4/33/43/5d/33435d5c-ec89-ea73-078f-608baa250a1f/mza_8500404185922479918.jpg/30x30bb.jpg",
        "w60": "https://is4-ssl.mzstatic.com/image/thumb/Podcasts123/v4/33/43/5d/33435d5c-ec89-ea73-078f-608baa250a1f/mza_8500404185922479918.jpg/60x60bb.jpg",
        "w600": "https://is4-ssl.mzstatic.com/image/thumb/Podcasts123/v4/33/43/5d/33435d5c-ec89-ea73-078f-608baa250a1f/mza_8500404185922479918.jpg/600x600bb.jpg",
      },
      "title": "TSS:The NBA Crossover-Knicks And Nets",
    },
    Object {
      "feedUrl": "http://feeds.megaphone.fm/the-baseline",
      "genre": "Basketball",
      "iTunesUrl": "https://podcasts.apple.com/us/podcast/the-baseline-nba-podcast/id909831649?uo=4",
      "id": 909831649,
      "publisher": Object {
        "id": 1451080395,
        "name": "Lineups",
      },
      "thumbnail": Object {
        "w100": "https://is2-ssl.mzstatic.com/image/thumb/Podcasts123/v4/c7/3a/a4/c73aa482-d259-1e17-79e0-cc89351fe415/mza_9049237534693253887.jpg/100x100bb.jpg",
        "w30": "https://is2-ssl.mzstatic.com/image/thumb/Podcasts123/v4/c7/3a/a4/c73aa482-d259-1e17-79e0-cc89351fe415/mza_9049237534693253887.jpg/30x30bb.jpg",
        "w60": "https://is2-ssl.mzstatic.com/image/thumb/Podcasts123/v4/c7/3a/a4/c73aa482-d259-1e17-79e0-cc89351fe415/mza_9049237534693253887.jpg/60x60bb.jpg",
        "w600": "https://is2-ssl.mzstatic.com/image/thumb/Podcasts123/v4/c7/3a/a4/c73aa482-d259-1e17-79e0-cc89351fe415/mza_9049237534693253887.jpg/600x600bb.jpg",
      },
      "title": "The Baseline NBA Podcast",
    },
    Object {
      "feedUrl": "https://audioboom.com/channels/4858981.rss",
      "genre": "Technology",
      "iTunesUrl": "https://podcasts.apple.com/us/podcast/rotoballer-dfs-nba-show/id1171234413?uo=4",
      "id": 1171234413,
      "publisher": Object {
        "id": undefined,
        "name": "Rotoballer DFS NBA Show",
      },
      "thumbnail": Object {
        "w100": "https://is5-ssl.mzstatic.com/image/thumb/Podcasts113/v4/ee/30/1c/ee301c54-d677-0253-5e61-7fd01ea33dfc/mza_5513028463075739551.png/100x100bb.jpg",
        "w30": "https://is5-ssl.mzstatic.com/image/thumb/Podcasts113/v4/ee/30/1c/ee301c54-d677-0253-5e61-7fd01ea33dfc/mza_5513028463075739551.png/30x30bb.jpg",
        "w60": "https://is5-ssl.mzstatic.com/image/thumb/Podcasts113/v4/ee/30/1c/ee301c54-d677-0253-5e61-7fd01ea33dfc/mza_5513028463075739551.png/60x60bb.jpg",
        "w600": "https://is5-ssl.mzstatic.com/image/thumb/Podcasts113/v4/ee/30/1c/ee301c54-d677-0253-5e61-7fd01ea33dfc/mza_5513028463075739551.png/600x600bb.jpg",
      },
      "title": "Rotoballer DFS NBA Show",
    },
    Object {
      "feedUrl": "https://gameoflife.libsyn.com/rss",
      "genre": "Fitness",
      "iTunesUrl": "https://podcasts.apple.com/us/podcast/1-er-podcast-w-david-nurse-nba-life-optimization-coach/id1226281669?uo=4",
      "id": 1226281669,
      "publisher": Object {
        "id": undefined,
        "name": "David Nurse",
      },
      "thumbnail": Object {
        "w100": "https://is4-ssl.mzstatic.com/image/thumb/Podcasts122/v4/9e/f5/f8/9ef5f836-d7af-8752-8a1c-4ea95e850b1c/mza_5996375017064459583.jpg/100x100bb.jpg",
        "w30": "https://is4-ssl.mzstatic.com/image/thumb/Podcasts122/v4/9e/f5/f8/9ef5f836-d7af-8752-8a1c-4ea95e850b1c/mza_5996375017064459583.jpg/30x30bb.jpg",
        "w60": "https://is4-ssl.mzstatic.com/image/thumb/Podcasts122/v4/9e/f5/f8/9ef5f836-d7af-8752-8a1c-4ea95e850b1c/mza_5996375017064459583.jpg/60x60bb.jpg",
        "w600": "https://is4-ssl.mzstatic.com/image/thumb/Podcasts122/v4/9e/f5/f8/9ef5f836-d7af-8752-8a1c-4ea95e850b1c/mza_5996375017064459583.jpg/600x600bb.jpg",
      },
      "title": "The 1%-er Podcast w/ David Nurse | NBA Life/Optimization Coach Interviews NBA Athletes & GAME CHANGING 1%-ers!!!",
    },
    Object {
      "feedUrl": "http://thehiphoppodcast.com/rss",
      "genre": "Sports",
      "iTunesUrl": "https://podcasts.apple.com/us/podcast/the-hip-hop-and-nba-podcast/id395794748?uo=4",
      "id": 395794748,
      "publisher": Object {
        "id": undefined,
        "name": "THHP",
      },
      "thumbnail": Object {
        "w100": "https://is5-ssl.mzstatic.com/image/thumb/Podcasts113/v4/49/ab/7f/49ab7f49-7997-8e5d-6975-d8d521b664a0/mza_324558152077230133.png/100x100bb.jpg",
        "w30": "https://is5-ssl.mzstatic.com/image/thumb/Podcasts113/v4/49/ab/7f/49ab7f49-7997-8e5d-6975-d8d521b664a0/mza_324558152077230133.png/30x30bb.jpg",
        "w60": "https://is5-ssl.mzstatic.com/image/thumb/Podcasts113/v4/49/ab/7f/49ab7f49-7997-8e5d-6975-d8d521b664a0/mza_324558152077230133.png/60x60bb.jpg",
        "w600": "https://is5-ssl.mzstatic.com/image/thumb/Podcasts113/v4/49/ab/7f/49ab7f49-7997-8e5d-6975-d8d521b664a0/mza_324558152077230133.png/600x600bb.jpg",
      },
      "title": "The Hip-Hop and Nba Podcast",
    },
    Object {
      "feedUrl": "https://feeds.megaphone.fm/ADL8718049332",
      "genre": "Basketball",
      "iTunesUrl": "https://podcasts.apple.com/us/podcast/4-szns-nba-podcast/id1320998990?uo=4",
      "id": 1320998990,
      "publisher": Object {
        "id": 1451080395,
        "name": "Lineups",
      },
      "thumbnail": Object {
        "w100": "https://is5-ssl.mzstatic.com/image/thumb/Podcasts113/v4/f0/f4/c8/f0f4c867-86af-83b8-bec6-c89ac8666720/mza_528544870533102490.jpg/100x100bb.jpg",
        "w30": "https://is5-ssl.mzstatic.com/image/thumb/Podcasts113/v4/f0/f4/c8/f0f4c867-86af-83b8-bec6-c89ac8666720/mza_528544870533102490.jpg/30x30bb.jpg",
        "w60": "https://is5-ssl.mzstatic.com/image/thumb/Podcasts113/v4/f0/f4/c8/f0f4c867-86af-83b8-bec6-c89ac8666720/mza_528544870533102490.jpg/60x60bb.jpg",
        "w600": "https://is5-ssl.mzstatic.com/image/thumb/Podcasts113/v4/f0/f4/c8/f0f4c867-86af-83b8-bec6-c89ac8666720/mza_528544870533102490.jpg/600x600bb.jpg",
      },
      "title": "4 SZNS NBA Podcast",
    },
    Object {
      "feedUrl": "http://danenbapodcast.libsyn.com/rss",
      "genre": "Sports",
      "iTunesUrl": "https://podcasts.apple.com/us/podcast/the-dane-moore-nba-podcast/id1399177286?uo=4",
      "id": 1399177286,
      "publisher": Object {
        "id": undefined,
        "name": "Dane Moore - Zone Coverage Podcast Network",
      },
      "thumbnail": Object {
        "w100": "https://is1-ssl.mzstatic.com/image/thumb/Podcasts123/v4/32/e3/8b/32e38b62-4fc5-234e-e7c1-bcf18822e4e3/mza_1449910653411604809.jpg/100x100bb.jpg",
        "w30": "https://is1-ssl.mzstatic.com/image/thumb/Podcasts123/v4/32/e3/8b/32e38b62-4fc5-234e-e7c1-bcf18822e4e3/mza_1449910653411604809.jpg/30x30bb.jpg",
        "w60": "https://is1-ssl.mzstatic.com/image/thumb/Podcasts123/v4/32/e3/8b/32e38b62-4fc5-234e-e7c1-bcf18822e4e3/mza_1449910653411604809.jpg/60x60bb.jpg",
        "w600": "https://is1-ssl.mzstatic.com/image/thumb/Podcasts123/v4/32/e3/8b/32e38b62-4fc5-234e-e7c1-bcf18822e4e3/mza_1449910653411604809.jpg/600x600bb.jpg",
      },
      "title": "The Dane Moore NBA Podcast",
    },
    Object {
      "feedUrl": "https://api.podcache.net/shows/4f38c055-24aa-4c06-a731-54ca8d18a789/feed",
      "genre": "Basketball",
      "iTunesUrl": "https://podcasts.apple.com/us/podcast/seven-seconds-or-less-an-nba-phoenix-suns-podcast/id1390730922?uo=4",
      "id": 1390730922,
      "publisher": Object {
        "id": undefined,
        "name": "Max McCauley and David Nash",
      },
      "thumbnail": Object {
        "w100": "https://is1-ssl.mzstatic.com/image/thumb/Podcasts123/v4/44/86/dc/4486dcda-381c-9d82-3a4d-c1497934e88b/mza_8763177743650086795.jpg/100x100bb.jpg",
        "w30": "https://is1-ssl.mzstatic.com/image/thumb/Podcasts123/v4/44/86/dc/4486dcda-381c-9d82-3a4d-c1497934e88b/mza_8763177743650086795.jpg/30x30bb.jpg",
        "w60": "https://is1-ssl.mzstatic.com/image/thumb/Podcasts123/v4/44/86/dc/4486dcda-381c-9d82-3a4d-c1497934e88b/mza_8763177743650086795.jpg/60x60bb.jpg",
        "w600": "https://is1-ssl.mzstatic.com/image/thumb/Podcasts123/v4/44/86/dc/4486dcda-381c-9d82-3a4d-c1497934e88b/mza_8763177743650086795.jpg/600x600bb.jpg",
      },
      "title": "Seven Seconds or Less: An NBA & Phoenix Suns Podcast",
    },
    Object {
      "feedUrl": "http://feeds.feedburner.com/itzgus",
      "genre": "Sports",
      "iTunesUrl": "https://podcasts.apple.com/us/podcast/gus-nba-blog/id121576653?uo=4",
      "id": 121576653,
      "publisher": Object {
        "id": undefined,
        "name": "GuS",
      },
      "thumbnail": Object {
        "w100": "https://is4-ssl.mzstatic.com/image/thumb/Features/v4/5f/88/96/5f8896e9-9be5-529a-af14-cc807367568a/mza_1382744875394257421.png/100x100bb.jpg",
        "w30": "https://is4-ssl.mzstatic.com/image/thumb/Features/v4/5f/88/96/5f8896e9-9be5-529a-af14-cc807367568a/mza_1382744875394257421.png/30x30bb.jpg",
        "w60": "https://is4-ssl.mzstatic.com/image/thumb/Features/v4/5f/88/96/5f8896e9-9be5-529a-af14-cc807367568a/mza_1382744875394257421.png/60x60bb.jpg",
        "w600": "https://is4-ssl.mzstatic.com/image/thumb/Features/v4/5f/88/96/5f8896e9-9be5-529a-af14-cc807367568a/mza_1382744875394257421.png/600x600bb.jpg",
      },
      "title": "GuS' NBA Blog",
    },
    Object {
      "feedUrl": "http://feeds.soundcloud.com/users/soundcloud:users:187198253/sounds.rss",
      "genre": "Sports",
      "iTunesUrl": "https://podcasts.apple.com/us/podcast/drive-kick/id1179185206?uo=4",
      "id": 1179185206,
      "publisher": Object {
        "id": undefined,
        "name": "SB Nation NBA podcast",
      },
      "thumbnail": Object {
        "w100": "https://is5-ssl.mzstatic.com/image/thumb/Podcasts113/v4/e9/48/82/e948829f-4f86-f5d2-3c91-b5ca0bd09cd4/mza_4254809598832506626.jpg/100x100bb.jpg",
        "w30": "https://is5-ssl.mzstatic.com/image/thumb/Podcasts113/v4/e9/48/82/e948829f-4f86-f5d2-3c91-b5ca0bd09cd4/mza_4254809598832506626.jpg/30x30bb.jpg",
        "w60": "https://is5-ssl.mzstatic.com/image/thumb/Podcasts113/v4/e9/48/82/e948829f-4f86-f5d2-3c91-b5ca0bd09cd4/mza_4254809598832506626.jpg/60x60bb.jpg",
        "w600": "https://is5-ssl.mzstatic.com/image/thumb/Podcasts113/v4/e9/48/82/e948829f-4f86-f5d2-3c91-b5ca0bd09cd4/mza_4254809598832506626.jpg/600x600bb.jpg",
      },
      "title": "Drive & Kick",
    },
    Object {
      "feedUrl": "http://feeds.megaphone.fm/on-the-nba-beat",
      "genre": "Basketball",
      "iTunesUrl": "https://podcasts.apple.com/us/podcast/on-the-nba-beat/id1049202139?uo=4",
      "id": 1049202139,
      "publisher": Object {
        "id": 1451080395,
        "name": "Lineups",
      },
      "thumbnail": Object {
        "w100": "https://is3-ssl.mzstatic.com/image/thumb/Podcasts123/v4/e8/0f/cb/e80fcb2f-d1df-b7ef-9ccf-d5c87377b161/mza_4093989317889509004.jpg/100x100bb.jpg",
        "w30": "https://is3-ssl.mzstatic.com/image/thumb/Podcasts123/v4/e8/0f/cb/e80fcb2f-d1df-b7ef-9ccf-d5c87377b161/mza_4093989317889509004.jpg/30x30bb.jpg",
        "w60": "https://is3-ssl.mzstatic.com/image/thumb/Podcasts123/v4/e8/0f/cb/e80fcb2f-d1df-b7ef-9ccf-d5c87377b161/mza_4093989317889509004.jpg/60x60bb.jpg",
        "w600": "https://is3-ssl.mzstatic.com/image/thumb/Podcasts123/v4/e8/0f/cb/e80fcb2f-d1df-b7ef-9ccf-d5c87377b161/mza_4093989317889509004.jpg/600x600bb.jpg",
      },
      "title": "On the NBA Beat",
    },
    Object {
      "feedUrl": "https://feeds.buzzsprout.com/123009.rss",
      "genre": "Sports",
      "iTunesUrl": "https://podcasts.apple.com/us/podcast/the-dan-and-bryan-sportscast/id1085455207?uo=4",
      "id": 1085455207,
      "publisher": Object {
        "id": undefined,
        "name": "Dan & Bryan Sports Entertainment NFL, NBA, MLB, NHL, MLS, Premier League, Champions League, College Football and College Basketball",
      },
      "thumbnail": Object {
        "w100": "https://is4-ssl.mzstatic.com/image/thumb/Podcasts128/v4/dd/01/54/dd0154dc-7de2-53e7-16d6-c852285dd9e3/mza_4317596686291538687.jpg/100x100bb.jpg",
        "w30": "https://is4-ssl.mzstatic.com/image/thumb/Podcasts128/v4/dd/01/54/dd0154dc-7de2-53e7-16d6-c852285dd9e3/mza_4317596686291538687.jpg/30x30bb.jpg",
        "w60": "https://is4-ssl.mzstatic.com/image/thumb/Podcasts128/v4/dd/01/54/dd0154dc-7de2-53e7-16d6-c852285dd9e3/mza_4317596686291538687.jpg/60x60bb.jpg",
        "w600": "https://is4-ssl.mzstatic.com/image/thumb/Podcasts128/v4/dd/01/54/dd0154dc-7de2-53e7-16d6-c852285dd9e3/mza_4317596686291538687.jpg/600x600bb.jpg",
      },
      "title": "The Dan and Bryan Sportscast",
    },
    Object {
      "feedUrl": "http://cgmoney1569.podomatic.com/rss2.xml",
      "genre": undefined,
      "iTunesUrl": "https://podcasts.apple.com/us/podcast/nba-fantasy-podcast-with-coach-carlos-and-friends/id506691135?uo=4",
      "id": 506691135,
      "publisher": Object {
        "id": undefined,
        "name": "NBA Fantasy Podcast",
      },
      "thumbnail": Object {
        "w100": "https://is3-ssl.mzstatic.com/image/thumb/Podcasts113/v4/77/be/b0/77beb00a-b14e-a44a-0b5f-8bd185ee8556/mza_3696827773588244968.jpg/100x100bb.jpg",
        "w30": "https://is3-ssl.mzstatic.com/image/thumb/Podcasts113/v4/77/be/b0/77beb00a-b14e-a44a-0b5f-8bd185ee8556/mza_3696827773588244968.jpg/30x30bb.jpg",
        "w60": "https://is3-ssl.mzstatic.com/image/thumb/Podcasts113/v4/77/be/b0/77beb00a-b14e-a44a-0b5f-8bd185ee8556/mza_3696827773588244968.jpg/60x60bb.jpg",
        "w600": "https://is3-ssl.mzstatic.com/image/thumb/Podcasts113/v4/77/be/b0/77beb00a-b14e-a44a-0b5f-8bd185ee8556/mza_3696827773588244968.jpg/600x600bb.jpg",
      },
      "title": "NBA Fantasy Podcast with Coach Carlos and friends",
    },
    Object {
      "feedUrl": "http://feeds.soundcloud.com/users/soundcloud:users:57735447/sounds.rss",
      "genre": "Sports",
      "iTunesUrl": "https://podcasts.apple.com/us/podcast/3-on-3-blazers/id1290344201?uo=4",
      "id": 1290344201,
      "publisher": Object {
        "id": undefined,
        "name": "KGW, NBA, Portland Trail Blazers",
      },
      "thumbnail": Object {
        "w100": "https://is2-ssl.mzstatic.com/image/thumb/Podcasts123/v4/c9/1f/d7/c91fd7e2-118a-288e-cbb9-7e65692e8fb7/mza_7032806438254041106.jpg/100x100bb.jpg",
        "w30": "https://is2-ssl.mzstatic.com/image/thumb/Podcasts123/v4/c9/1f/d7/c91fd7e2-118a-288e-cbb9-7e65692e8fb7/mza_7032806438254041106.jpg/30x30bb.jpg",
        "w60": "https://is2-ssl.mzstatic.com/image/thumb/Podcasts123/v4/c9/1f/d7/c91fd7e2-118a-288e-cbb9-7e65692e8fb7/mza_7032806438254041106.jpg/60x60bb.jpg",
        "w600": "https://is2-ssl.mzstatic.com/image/thumb/Podcasts123/v4/c9/1f/d7/c91fd7e2-118a-288e-cbb9-7e65692e8fb7/mza_7032806438254041106.jpg/600x600bb.jpg",
      },
      "title": "3 on 3 Blazers",
    },
    Object {
      "feedUrl": "https://anchor.fm/s/bbcb640/podcast/rss",
      "genre": "Sports",
      "iTunesUrl": "https://podcasts.apple.com/us/podcast/the-fantasy-nba-show-fantasy-basketball/id1467679144?uo=4",
      "id": 1467679144,
      "publisher": Object {
        "id": undefined,
        "name": "Fantasy NBA Podcast",
      },
      "thumbnail": Object {
        "w100": "https://is2-ssl.mzstatic.com/image/thumb/Podcasts123/v4/02/f4/7e/02f47ee8-00d8-e28f-4c62-ce1ca1bd014c/mza_5585528716216826597.jpg/100x100bb.jpg",
        "w30": "https://is2-ssl.mzstatic.com/image/thumb/Podcasts123/v4/02/f4/7e/02f47ee8-00d8-e28f-4c62-ce1ca1bd014c/mza_5585528716216826597.jpg/30x30bb.jpg",
        "w60": "https://is2-ssl.mzstatic.com/image/thumb/Podcasts123/v4/02/f4/7e/02f47ee8-00d8-e28f-4c62-ce1ca1bd014c/mza_5585528716216826597.jpg/60x60bb.jpg",
        "w600": "https://is2-ssl.mzstatic.com/image/thumb/Podcasts123/v4/02/f4/7e/02f47ee8-00d8-e28f-4c62-ce1ca1bd014c/mza_5585528716216826597.jpg/600x600bb.jpg",
      },
      "title": "The Fantasy NBA Show - Fantasy Basketball",
    },
    Object {
      "feedUrl": "https://rss.whooshkaa.com/rss/podcast/id/3613",
      "genre": "Basketball",
      "iTunesUrl": "https://podcasts.apple.com/us/podcast/celtics-lab-nba-basketball-podcast/id1195699821?uo=4",
      "id": 1195699821,
      "publisher": Object {
        "id": undefined,
        "name": "Celtics Lab Podcast",
      },
      "thumbnail": Object {
        "w100": "https://is5-ssl.mzstatic.com/image/thumb/Podcasts123/v4/10/8c/a8/108ca81c-044d-cff1-4d6c-76655fc7c83f/mza_1890395851901290982.png/100x100bb.jpg",
        "w30": "https://is5-ssl.mzstatic.com/image/thumb/Podcasts123/v4/10/8c/a8/108ca81c-044d-cff1-4d6c-76655fc7c83f/mza_1890395851901290982.png/30x30bb.jpg",
        "w60": "https://is5-ssl.mzstatic.com/image/thumb/Podcasts123/v4/10/8c/a8/108ca81c-044d-cff1-4d6c-76655fc7c83f/mza_1890395851901290982.png/60x60bb.jpg",
        "w600": "https://is5-ssl.mzstatic.com/image/thumb/Podcasts123/v4/10/8c/a8/108ca81c-044d-cff1-4d6c-76655fc7c83f/mza_1890395851901290982.png/600x600bb.jpg",
      },
      "title": "Celtics Lab NBA Basketball Podcast",
    },
    Object {
      "feedUrl": "http://podlandtrailcasters.libsyn.com/rss",
      "genre": "Basketball",
      "iTunesUrl": "https://podcasts.apple.com/us/podcast/the-trailcasters-nba-trail-blazers-podcast/id1279121371?uo=4",
      "id": 1279121371,
      "publisher": Object {
        "id": undefined,
        "name": "Podland Trailcasters",
      },
      "thumbnail": Object {
        "w100": "https://is3-ssl.mzstatic.com/image/thumb/Podcasts123/v4/ed/6e/26/ed6e26c5-b0e8-031b-1bfb-b8d78b91b28b/mza_1953490253448616245.png/100x100bb.jpg",
        "w30": "https://is3-ssl.mzstatic.com/image/thumb/Podcasts123/v4/ed/6e/26/ed6e26c5-b0e8-031b-1bfb-b8d78b91b28b/mza_1953490253448616245.png/30x30bb.jpg",
        "w60": "https://is3-ssl.mzstatic.com/image/thumb/Podcasts123/v4/ed/6e/26/ed6e26c5-b0e8-031b-1bfb-b8d78b91b28b/mza_1953490253448616245.png/60x60bb.jpg",
        "w600": "https://is3-ssl.mzstatic.com/image/thumb/Podcasts123/v4/ed/6e/26/ed6e26c5-b0e8-031b-1bfb-b8d78b91b28b/mza_1953490253448616245.png/600x600bb.jpg",
      },
      "title": "The Trailcasters: NBA Trail Blazers Podcast",
    },
  ],
  "startIndex": 0,
  "term": "nba",
}
`;
